%!Adobe-FontList 1.24
%Locale:0x407

%BeginFont
Handler:DirectoryHandler
FontType:TrueType
FontName:NanumPen-Regular
FamilyName:Nanum Pen
StyleName:Regular
FullName:Nanum Pen Regular
MenuName:Nanum Pen
StyleBits:0
FamilyNameNative:Nanum Pen
StyleNameNative:Regular
FullNameNative:Nanum Pen Regular
WritingScript:Korean
OutlineFileName:C:\Users\Lukas\Documents\.Projekte\loookasch.github.io\Font\NanumPenScript-Regular.ttf
DataFormat:sfntData
hasSVG:no
hasCOLR:no
VariableFontType:NonVariableFont
FileLength:3200444
FileModTime:1748587872
WeightClass:400
WidthClass:5
AngleClass:0
NameArray:0,Win,1,Nanum Pen
%EndFont

